> Task :app:preBuild UP-TO-DATE
> Task :app:preDebugBuild UP-TO-DATE
> Task :app:mergeDebugNativeDebugMetadata NO-SOURCE
> Task :app:generateDebugResources
> Task :app:packageDebugResources
> Task :app:processDebugNavigationResources
> Task :app:generateDebugAssets UP-TO-DATE
> Task :app:javaPreCompileDebug
> Task :app:mergeDebugAssets
> Task :app:compressDebugAssets
> Task :app:parseDebugLocalResources
> Task :app:generateDebugGlobalSynthetics
> Task :app:generateDebugRFile
> Task :app:checkDebugDuplicateClasses
> Task :app:desugarDebugFileDependencies
> Task :app:mergeLibDexDebug
> Task :app:mapDebugSourceSetPaths
> Task :app:checkDebugAarMetadata
> Task :app:compileDebugNavigationResources
> Task :app:createDebugCompatibleScreenManifests
> Task :app:extractDeepLinksDebug
> Task :app:mergeDebugResources
> Task :app:processDebugMainManifest
> Task :app:processDebugManifest
> Task :app:mergeDebugJniLibFolders
> Task :app:mergeDebugNativeLibs
> Task :app:validateSigningDebug
> Task :app:writeDebugAppMetadata

> Task :app:stripDebugDebugSymbols
Unable to strip the following libraries, packaging them as they are: libandroidx.graphics.path.so. Run with --info option to learn more.

> Task :app:writeDebugSigningConfigVersions
> Task :app:preReleaseBuild UP-TO-DATE
> Task :app:mergeReleaseJniLibFolders
> Task :app:mergeReleaseNativeLibs
> Task :app:processDebugManifestForPackage
> Task :app:checkReleaseDuplicateClasses
> Task :app:generateReleaseResources

> Task :app:stripReleaseDebugSymbols
Unable to strip the following libraries, packaging them as they are: libandroidx.graphics.path.so. Run with --info option to learn more.

> Task :app:packageReleaseResources
> Task :app:extractReleaseNativeSymbolTables
> Task :app:processReleaseNavigationResources
> Task :app:mergeReleaseNativeDebugMetadata NO-SOURCE
> Task :app:javaPreCompileRelease
> Task :app:parseReleaseLocalResources
> Task :app:mergeReleaseArtProfile
> Task :app:mapReleaseSourceSetPaths
> Task :app:checkReleaseAarMetadata
> Task :app:compileReleaseNavigationResources
> Task :app:generateReleaseRFile
> Task :app:processDebugResources
> Task :app:createReleaseCompatibleScreenManifests
> Task :app:extractDeepLinksRelease
> Task :app:processReleaseMainManifest
> Task :app:processReleaseManifest
> Task :app:extractProguardFiles
> Task :app:mergeReleaseStartupProfile
> Task :app:generateReleaseAssets UP-TO-DATE
> Task :app:mergeReleaseAssets
> Task :app:compressReleaseAssets
> Task :app:mergeReleaseResources
> Task :app:extractReleaseVersionControlInfo
> Task :app:collectReleaseDependencies
> Task :app:sdkReleaseDependencyData
> Task :app:validateSigningRelease
> Task :app:writeReleaseAppMetadata
> Task :app:writeReleaseSigningConfigVersions
> Task :app:preDebugAndroidTestBuild SKIPPED
> Task :app:preDebugUnitTestBuild UP-TO-DATE
> Task :app:javaPreCompileDebugUnitTest
> Task :app:processReleaseManifestForPackage
> Task :app:processReleaseResources
> Task :app:mergeExtDexDebug

> Task :app:compileDebugKotlin
./gradlew : e: file:///C:/Users/fmoss/AndroidStudioProjects/MyApplication/app/src/main/java/com/example/myapplication/ui/screens/FocusTimerScreen.kt:10:34 Unresolved reference 'icons'.
In Zeile:1 Zeichen:56
+ ... oss\AndroidStudioProjects\MyApplication; ./gradlew build 2>&1 | Tee-O ...
+                                              ~~~~~~~~~~~~~~~~~~~~
    + CategoryInfo          : NotSpecified: (e: file:///C:/U...erence 'icons'.:String) [], RemoteException
    + FullyQualifiedErrorId : NativeCommandError
 
e: file:///C:/Users/fmoss/AndroidStudioProjects/MyApplication/app/src/main/java/com/example/myapplication/ui/screens/FocusTimerScreen.kt:11:34 Unresolved reference 'icons'.
e: file:///C:/Users/fmoss/AndroidStudioProjects/MyApplication/app/src/main/java/com/example/myapplication/ui/screens/FocusTimerScreen.kt:12:34 Unresolved reference 'icons'.
e: file:///C:/Users/fmoss/AndroidStudioProjects/MyApplication/app/src/main/java/com/example/myapplication/ui/screens/FocusTimerScreen.kt:13:34 Unresolved reference 'icons'.
e: file:///C:/Users/fmoss/AndroidStudioProjects/MyApplication/app/src/main/java/com/example/myapplication/ui/screens/FocusTimerScreen.kt:87:60 Unresolved reference 'Icons'.
e: file:///C:/Users/fmoss/AndroidStudioProjects/MyApplication/app/src/main/java/com/example/myapplication/ui/screens/FocusTimerScreen.kt:87:84 Unresolved reference 'Icons'.
e: file:///C:/Users/fmoss/AndroidStudioProjects/MyApplication/app/src/main/java/com/example/myapplication/ui/screens/FocusTimerScreen.kt:101:39 Unresolved reference 'Icons'.
e: file:///C:/Users/fmoss/AndroidStudioProjects/MyApplication/app/src/main/java/com/example/myapplication/ui/screens/FocusTimerScreen.kt:319:1 Syntax error: Expecting a top level declaration.
e: file:///C:/Users/fmoss/AndroidStudioProjects/MyApplication/app/src/main/java/com/example/myapplication/ui/screens/SettingsScreen.kt:9:34 Unresolved reference 'icons'.
e: file:///C:/Users/fmoss/AndroidStudioProjects/MyApplication/app/src/main/java/com/example/myapplication/ui/screens/SettingsScreen.kt:10:34 Unresolved reference 'icons'.
e: file:///C:/Users/fmoss/AndroidStudioProjects/MyApplication/app/src/main/java/com/example/myapplication/ui/screens/SettingsScreen.kt:11:34 Unresolved reference 'icons'.
e: file:///C:/Users/fmoss/AndroidStudioProjects/MyApplication/app/src/main/java/com/example/myapplication/ui/screens/SettingsScreen.kt:49:39 Unresolved reference 'Icons'.

> Task :app:compileReleaseKotlin FAILED
e: file:///C:/Users/fmoss/AndroidStudioProjects/MyApplication/app/src/main/java/com/example/myapplication/ui/screens/FocusTimerScreen.kt:10:34 Unresolved reference 'icons'.
e: file:///C:/Users/fmoss/AndroidStudioProjects/MyApplication/app/src/main/java/com/example/myapplication/ui/screens/FocusTimerScreen.kt:11:34 Unresolved reference 'icons'.
e: file:///C:/Users/fmoss/AndroidStudioProjects/MyApplication/app/src/main/java/com/example/myapplication/ui/screens/FocusTimerScreen.kt:12:34 Unresolved reference 'icons'.
e: file:///C:/Users/fmoss/AndroidStudioProjects/MyApplication/app/src/main/java/com/example/myapplication/ui/screens/FocusTimerScreen.kt:13:34 Unresolved reference 'icons'.
e: file:///C:/Users/fmoss/AndroidStudioProjects/MyApplication/app/src/main/java/com/example/myapplication/ui/screens/FocusTimerScreen.kt:87:60 Unresolved reference 'Icons'.
e: file:///C:/Users/fmoss/AndroidStudioProjects/MyApplication/app/src/main/java/com/example/myapplication/ui/screens/FocusTimerScreen.kt:87:84 Unresolved reference 'Icons'.
e: file:///C:/Users/fmoss/AndroidStudioProjects/MyApplication/app/src/main/java/com/example/myapplication/ui/screens/FocusTimerScreen.kt:101:39 Unresolved reference 'Icons'.
e: file:///C:/Users/fmoss/AndroidStudioProjects/MyApplication/app/src/main/java/com/example/myapplication/ui/screens/FocusTimerScreen.kt:319:1 Syntax error: Expecting a top level declaration.
e: file:///C:/Users/fmoss/AndroidStudioProjects/MyApplication/app/src/main/java/com/example/myapplication/ui/screens/SettingsScreen.kt:9:34 Unresolved reference 'icons'.
e: file:///C:/Users/fmoss/AndroidStudioProjects/MyApplication/app/src/main/java/com/example/myapplication/ui/screens/SettingsScreen.kt:10:34 Unresolved reference 'icons'.
e: file:///C:/Users/fmoss/AndroidStudioProjects/MyApplication/app/src/main/java/com/example/myapplication/ui/screens/SettingsScreen.kt:11:34 Unresolved reference 'icons'.
e: file:///C:/Users/fmoss/AndroidStudioProjects/MyApplication/app/src/main/java/com/example/myapplication/ui/screens/SettingsScreen.kt:49:39 Unresolved reference 'Icons'.

> Task :app:compileDebugKotlin FAILED

FAILURE: Build completed with 2 failures.

1: Task failed with an exception.
-----------
* What went wrong:
Execution failed for task ':app:compileReleaseKotlin'.
> A failure occurred while executing org.jetbrains.kotlin.compilerRunner.GradleCompilerRunnerWithWorkers$GradleKotlinCompilerWorkAction
   > Compilation error. See log for more details

* Try:
> Run with --stacktrace option to get the stack trace.
> Run with --info or --debug option to get more log output.
> Run with --scan to get full insights from a Build Scan (powered by Develocity).
> Get more help at https://help.gradle.org.
==============================================================================

2: Task failed with an exception.
-----------
* What went wrong:
Execution failed for task ':app:compileDebugKotlin'.
> A failure occurred while executing org.jetbrains.kotlin.compilerRunner.GradleCompilerRunnerWithWorkers$GradleKotlinCompilerWorkAction
   > Compilation error. See log for more details

* Try:
> Run with --stacktrace option to get the stack trace.
> Run with --info or --debug option to get more log output.
> Run with --scan to get full insights from a Build Scan (powered by Develocity).
> Get more help at https://help.gradle.org.
64 actionable tasks: 64 executed
==============================================================================

BUILD FAILED in 19s
